// Jest Snapshot v1, https://goo.gl/fbAQLP

exports[`<Button/> <Button> renders correctly 1`] = `
<View
  style={
    [
      {
        "flex": 0,
        "flexDirection": "row",
        "justifyContent": "flex-start",
      },
      {},
    ]
  }
>
  <View
    accessibilityState={
      {
        "busy": undefined,
        "checked": undefined,
        "disabled": false,
        "expanded": undefined,
        "selected": undefined,
      }
    }
    accessibilityValue={
      {
        "max": undefined,
        "min": undefined,
        "now": undefined,
        "text": undefined,
      }
    }
    accessible={true}
    collapsable={false}
    focusable={true}
    onClick={[Function]}
    onResponderGrant={[Function]}
    onResponderMove={[Function]}
    onResponderRelease={[Function]}
    onResponderTerminate={[Function]}
    onResponderTerminationRequest={[Function]}
    onStartShouldSetResponder={[Function]}
    style={
      {
        "alignItems": "center",
        "backgroundColor": "purple",
        "borderRadius": 4,
        "flex": 1,
        "flexDirection": "row",
        "justifyContent": "center",
        "minHeight": 56,
        "opacity": 1,
        "paddingVertical": 16,
      }
    }
  >
    <Text
      style={
        [
          {
            "color": "white",
            "fontFamily": "Open Sans",
            "fontSize": 16,
            "fontWeight": "600",
            "letterSpacing": 0,
            "lineHeight": 24,
          },
          {},
          {},
        ]
      }
    >
      hola
    </Text>
  </View>
</View>
`;
